2026-08-11T02:48:58+00:00 INFO    [event=application.started] IPTV-API 版本: 3.0.0 (构建时间: 2026-08-07 11:45:59)
2026-08-11T02:48:58+00:00 INFO    [phase=prepare event=network.ipv6.checking] 🛜 正在检查当前网络是否支持IPv6...
2026-08-11T02:48:58+00:00 WARNING [phase=prepare event=network.ipv6.unsupported] 当前网络不支持IPv6，别担心，IPv6的结果会被保存下来
2026-08-11T02:48:58+00:00 INFO    [run=43a55a1f39364d618ea8e0859826bda7 phase=prepare event=run.started] 性能模式: auto → balance，可用资源: 4.0 CPU / 15.61 GB，并发: 测速 8、媒体探测 2、源抓取 8
2026-08-11T02:48:58+00:00 INFO    [run=43a55a1f39364d618ea8e0859826bda7 phase=prepare event=channels.catalog_loaded] 频道目录已加载：白名单 870，黑名单 8，台标 21
2026-08-11T02:48:59+00:00 INFO    [run=43a55a1f39364d618ea8e0859826bda7 phase=fetch event=sources.subscribe.summary] 订阅源数量：36，订阅白名单数量：36，停用地址数量：0，有效总数量：36
2026-08-11T02:48:59+00:00 INFO    [run=43a55a1f39364d618ea8e0859826bda7 phase=fetch event=progress.started] 正在进行获取订阅源  0/36
2026-08-11T02:49:00+00:00 INFO    [run=43a55a1f39364d618ea8e0859826bda7 phase=fetch event=progress.updated] 正在进行获取订阅源  1/36 (2%)  剩余 35
2026-08-11T02:49:00+00:00 INFO    [run=43a55a1f39364d618ea8e0859826bda7 phase=fetch event=progress.updated] 正在进行获取订阅源  5/36 (13%)  剩余 31
2026-08-11T02:49:01+00:00 WARNING [run=43a55a1f39364d618ea8e0859826bda7 phase=fetch event=request.retrying] 🔄 请求https://raw.gitmirror.com/XiaoZhang5656/xiaozhang-5656.github.io/main/iptv-live.txt失败，正在进行第1次重试...
2026-08-11T02:49:01+00:00 INFO    [run=43a55a1f39364d618ea8e0859826bda7 phase=fetch event=progress.updated] 正在进行获取订阅源  9/36 (25%)  剩余 27
2026-08-11T02:49:02+00:00 WARNING [run=43a55a1f39364d618ea8e0859826bda7 phase=fetch event=request.retrying] 🔄 请求http://www.xymm.de5.net:8880/live.txt失败，正在进行第1次重试...
2026-08-11T02:49:02+00:00 WARNING [run=43a55a1f39364d618ea8e0859826bda7 phase=fetch event=source.request_failed] 订阅源请求失败：❌ 请求https://raw.gitmirror.com/XiaoZhang5656/xiaozhang-5656.github.io/main/iptv-live.txt失败，已达到最大重试次数
2026-08-11T02:49:02+00:00 INFO    [run=43a55a1f39364d618ea8e0859826bda7 phase=fetch event=progress.updated] 正在进行获取订阅源  13/36 (36%)  剩余 23
2026-08-11T02:49:02+00:00 WARNING [run=43a55a1f39364d618ea8e0859826bda7 phase=fetch event=request.retrying] 🔄 请求https://live.tv.darwinchow.com/sub/02Rmp7XOozfgFiaSPkRbxv2Ud5Kn8V失败，正在进行第1次重试...
2026-08-11T02:49:03+00:00 WARNING [run=43a55a1f39364d618ea8e0859826bda7 phase=fetch event=source.request_failed] 订阅源请求失败：❌ 请求http://www.xymm.de5.net:8880/live.txt失败，已达到最大重试次数
2026-08-11T02:49:03+00:00 WARNING [run=43a55a1f39364d618ea8e0859826bda7 phase=fetch event=request.retrying] 🔄 请求https://ds65.tv1288.xyz失败，正在进行第1次重试...
2026-08-11T02:49:04+00:00 WARNING [run=43a55a1f39364d618ea8e0859826bda7 phase=fetch event=source.request_failed] 订阅源请求失败：❌ 请求https://live.tv.darwinchow.com/sub/02Rmp7XOozfgFiaSPkRbxv2Ud5Kn8V失败，已达到最大重试次数
2026-08-11T02:49:04+00:00 INFO    [run=43a55a1f39364d618ea8e0859826bda7 phase=fetch event=progress.updated] 正在进行获取订阅源  17/36 (47%)  剩余 19
2026-08-11T02:49:04+00:00 WARNING [run=43a55a1f39364d618ea8e0859826bda7 phase=fetch event=source.request_failed] 订阅源请求失败：❌ 请求https://ds65.tv1288.xyz失败，已达到最大重试次数
2026-08-11T02:49:05+00:00 WARNING [run=43a55a1f39364d618ea8e0859826bda7 phase=fetch event=request.retrying] 🔄 请求http://migu_video.ufozsq.ccwu.cc/migu123456失败，正在进行第1次重试...
2026-08-11T02:49:06+00:00 INFO    [run=43a55a1f39364d618ea8e0859826bda7 phase=fetch event=progress.updated] 正在进行获取订阅源  21/36 (58%)  剩余 15
2026-08-11T02:49:06+00:00 WARNING [run=43a55a1f39364d618ea8e0859826bda7 phase=fetch event=source.request_failed] 订阅源请求失败：❌ 请求http://migu_video.ufozsq.ccwu.cc/migu123456失败，已达到最大重试次数
2026-08-11T02:49:07+00:00 INFO    [run=43a55a1f39364d618ea8e0859826bda7 phase=fetch event=progress.updated] 正在进行获取订阅源  25/36 (69%)  剩余 11
2026-08-11T02:49:08+00:00 INFO    [run=43a55a1f39364d618ea8e0859826bda7 phase=fetch event=progress.updated] 正在进行获取订阅源  29/36 (80%)  剩余 7
2026-08-11T02:49:09+00:00 INFO    [run=43a55a1f39364d618ea8e0859826bda7 phase=fetch event=progress.updated] 正在进行获取订阅源  33/36 (91%)  剩余 3
2026-08-11T02:49:10+00:00 WARNING [run=43a55a1f39364d618ea8e0859826bda7 phase=fetch event=request.retrying] 🔄 请求http://rihou.cc:555/gggg.nzk失败，正在进行第1次重试...
2026-08-11T02:49:22+00:00 WARNING [run=43a55a1f39364d618ea8e0859826bda7 phase=fetch event=source.request_failed] 订阅源请求失败：❌ 请求http://rihou.cc:555/gggg.nzk失败，已达到最大重试次数
2026-08-11T02:49:22+00:00 INFO    [run=43a55a1f39364d618ea8e0859826bda7 phase=fetch event=progress.updated] 正在进行获取订阅源  36/36 (100%)  剩余 0
2026-08-11T02:49:22+00:00 INFO    [run=43a55a1f39364d618ea8e0859826bda7 phase=fetch event=sources.subscribe.finished] 订阅源: ✅ 有效地址数量：36，⛔ 停用地址数量：0
2026-08-11T02:49:22+00:00 INFO    [run=43a55a1f39364d618ea8e0859826bda7 phase=fetch event=sources.subscribe.epg_discovered] 📡 从订阅源中发现 7 个 EPG 地址
2026-08-11T02:49:22+00:00 INFO    [run=43a55a1f39364d618ea8e0859826bda7 phase=fetch event=progress.finished] 正在进行获取订阅源  36/36  未匹配 10000
2026-08-11T02:49:22+00:00 INFO    [run=43a55a1f39364d618ea8e0859826bda7 phase=fetch event=sources.epg.summary] EPG源数量：1，EPG白名单数量：0，停用地址数量：0，有效总数量：4
2026-08-11T02:49:22+00:00 INFO    [run=43a55a1f39364d618ea8e0859826bda7 phase=fetch event=progress.started] 正在进行获取EPG源  0/4
2026-08-11T02:49:24+00:00 INFO    [run=43a55a1f39364d618ea8e0859826bda7 phase=fetch event=epg.source_parsed] EPG 源解析完成：http://e.erw.cc/e.xml.gz，保留节目 7794 条
2026-08-11T02:49:24+00:00 INFO    [run=43a55a1f39364d618ea8e0859826bda7 phase=fetch event=progress.updated] 正在进行获取EPG源  1/4 (25%)  剩余 3
2026-08-11T02:49:25+00:00 WARNING [run=43a55a1f39364d618ea8e0859826bda7 phase=fetch event=request.retrying] 🔄 请求http://epg.51zmt.top:8000/e.xml失败，正在进行第1次重试...
2026-08-11T02:49:26+00:00 ERROR   [run=43a55a1f39364d618ea8e0859826bda7 phase=fetch event=source.parse_failed] http://epg.51zmt.top:8000/e.xml 出错：❌ 请求http://epg.51zmt.top:8000/e.xml失败，已达到最大重试次数
2026-08-11T02:49:26+00:00 INFO    [run=43a55a1f39364d618ea8e0859826bda7 phase=fetch event=progress.updated] 正在进行获取EPG源  2/4 (50%)  剩余 2
2026-08-11T02:49:26+00:00 INFO    [run=43a55a1f39364d618ea8e0859826bda7 phase=fetch event=epg.source_parsed] EPG 源解析完成：https://develop202.github.io/migu_video/playback.xml，保留节目 0 条
2026-08-11T02:49:26+00:00 INFO    [run=43a55a1f39364d618ea8e0859826bda7 phase=fetch event=progress.updated] 正在进行获取EPG源  3/4 (75%)  剩余 1
2026-08-11T02:49:26+00:00 WARNING [run=43a55a1f39364d618ea8e0859826bda7 phase=fetch event=request.retrying] 🔄 请求https://gh-proxy.com/https://raw.githubusercontent.com/develop202/migu_video/refs/heads/main/playback.xml失败，正在进行第1次重试...
2026-08-11T02:49:26+00:00 ERROR   [run=43a55a1f39364d618ea8e0859826bda7 phase=fetch event=source.parse_failed] https://gh-proxy.com/https://raw.githubusercontent.com/develop202/migu_video/refs/heads/main/playback.xml 出错：❌ 请求https://gh-proxy.com/https://raw.githubusercontent.com/develop202/migu_video/refs/heads/main/playback.xml失败，已达到最大重试次数
2026-08-11T02:49:26+00:00 INFO    [run=43a55a1f39364d618ea8e0859826bda7 phase=fetch event=progress.updated] 正在进行获取EPG源  4/4 (100%)  剩余 0
2026-08-11T02:49:26+00:00 INFO    [run=43a55a1f39364d618ea8e0859826bda7 phase=fetch event=sources.epg.finished] EPG源: ✅ 有效地址数量：1，⛔ 停用地址数量：0
2026-08-11T02:49:26+00:00 INFO    [run=43a55a1f39364d618ea8e0859826bda7 phase=fetch event=progress.finished] 正在进行获取EPG源  4/4  匹配 231 个频道
2026-08-11T02:52:37+00:00 INFO    [run=43a55a1f39364d618ea8e0859826bda7 phase=aggregate event=channels.aggregated] 频道数据聚合完成：1519 个频道，21620 个接口（IPv4 6171 / IPv6 1366）
2026-08-11T02:52:37+00:00 INFO    [run=43a55a1f39364d618ea8e0859826bda7 phase=speed_test event=speed_test.planned] 总接口数量: 13017, 需要进行测速的接口数量: 4908
2026-08-11T02:52:37+00:00 INFO    [run=43a55a1f39364d618ea8e0859826bda7 phase=speed_test event=progress.started] 测速  0/4908
2026-08-11T02:52:38+00:00 INFO    [run=43a55a1f39364d618ea8e0859826bda7 phase=speed_test event=progress.updated] 测速  1/4908 (0%)  有效 0  失败 1  CCTV1
2026-08-11T02:53:08+00:00 INFO    [run=43a55a1f39364d618ea8e0859826bda7 phase=speed_test event=progress.updated] 测速  72/4908 (1%)  有效 0  失败 72  CCTV5
2026-08-11T02:53:38+00:00 INFO    [run=43a55a1f39364d618ea8e0859826bda7 phase=speed_test event=progress.updated] 测速  115/4908 (2%)  有效 0  失败 115  CCTV5+
2026-08-11T02:54:09+00:00 INFO    [run=43a55a1f39364d618ea8e0859826bda7 phase=speed_test event=progress.updated] 测速  179/4908 (3%)  有效 0  失败 179  CCTV6
2026-08-11T02:54:39+00:00 INFO    [run=43a55a1f39364d618ea8e0859826bda7 phase=speed_test event=progress.updated] 测速  231/4908 (4%)  有效 0  失败 231  CCTV7
2026-08-11T02:55:09+00:00 INFO    [run=43a55a1f39364d618ea8e0859826bda7 phase=speed_test event=progress.updated] 测速  283/4908 (5%)  有效 0  失败 283  CCTV7
2026-08-11T02:55:39+00:00 INFO    [run=43a55a1f39364d618ea8e0859826bda7 phase=speed_test event=progress.updated] 测速  319/4908 (6%)  有效 0  失败 319  CCTV13
2026-08-11T02:56:13+00:00 INFO    [run=43a55a1f39364d618ea8e0859826bda7 phase=speed_test event=progress.updated] 测速  384/4908 (7%)  有效 0  失败 384  湖南卫视
2026-08-11T02:56:46+00:00 INFO    [run=43a55a1f39364d618ea8e0859826bda7 phase=speed_test event=progress.updated] 测速  445/4908 (9%)  有效 0  失败 445  浙江卫视
2026-08-11T02:57:16+00:00 INFO    [run=43a55a1f39364d618ea8e0859826bda7 phase=speed_test event=progress.updated] 测速  485/4908 (9%)  有效 0  失败 485  翡翠台
2026-08-11T02:57:46+00:00 INFO    [run=43a55a1f39364d618ea8e0859826bda7 phase=speed_test event=progress.updated] 测速  522/4908 (10%)  有效 0  失败 522  明珠台
2026-08-11T02:58:16+00:00 INFO    [run=43a55a1f39364d618ea8e0859826bda7 phase=speed_test event=progress.updated] 测速  563/4908 (11%)  有效 0  失败 563  无线新闻
2026-08-11T02:58:46+00:00 INFO    [run=43a55a1f39364d618ea8e0859826bda7 phase=speed_test event=progress.updated] 测速  609/4908 (12%)  有效 0  失败 609  中視新聞
2026-08-11T02:59:16+00:00 INFO    [run=43a55a1f39364d618ea8e0859826bda7 phase=speed_test event=progress.updated] 测速  651/4908 (13%)  有效 0  失败 651  CCTV-02咪咕
2026-08-11T02:59:47+00:00 INFO    [run=43a55a1f39364d618ea8e0859826bda7 phase=speed_test event=progress.updated] 测速  722/4908 (14%)  有效 0  失败 722  CCTV-17咪咕
2026-08-11T03:00:17+00:00 INFO    [run=43a55a1f39364d618ea8e0859826bda7 phase=speed_test event=progress.updated] 测速  778/4908 (15%)  有效 0  失败 778  CCTV-1
2026-08-11T03:00:47+00:00 INFO    [run=43a55a1f39364d618ea8e0859826bda7 phase=speed_test event=progress.updated] 测速  832/4908 (16%)  有效 0  失败 832  CCTV-2
2026-08-11T03:01:18+00:00 INFO    [run=43a55a1f39364d618ea8e0859826bda7 phase=speed_test event=progress.updated] 测速  883/4908 (17%)  有效 1  失败 882  CCTV-2
2026-08-11T03:01:48+00:00 INFO    [run=43a55a1f39364d618ea8e0859826bda7 phase=speed_test event=progress.updated] 测速  930/4908 (18%)  有效 1  失败 929  CCTV-3
2026-08-11T03:02:19+00:00 INFO    [run=43a55a1f39364d618ea8e0859826bda7 phase=speed_test event=progress.updated] 测速  993/4908 (20%)  有效 1  失败 992  CCTV-3
2026-08-11T03:02:49+00:00 INFO    [run=43a55a1f39364d618ea8e0859826bda7 phase=speed_test event=progress.updated] 测速  1036/4908 (21%)  有效 1  失败 1035  CCTV-3
2026-08-11T03:03:20+00:00 INFO    [run=43a55a1f39364d618ea8e0859826bda7 phase=speed_test event=progress.updated] 测速  1089/4908 (22%)  有效 2  失败 1087  CCTV-4
2026-08-11T03:03:50+00:00 INFO    [run=43a55a1f39364d618ea8e0859826bda7 phase=speed_test event=progress.updated] 测速  1140/4908 (23%)  有效 2  失败 1138  CCTV-5
2026-08-11T03:04:21+00:00 INFO    [run=43a55a1f39364d618ea8e0859826bda7 phase=speed_test event=progress.updated] 测速  1193/4908 (24%)  有效 3  失败 1190  CCTV-5+
2026-08-11T03:04:51+00:00 INFO    [run=43a55a1f39364d618ea8e0859826bda7 phase=speed_test event=progress.updated] 测速  1243/4908 (25%)  有效 3  失败 1240  CCTV-7
2026-08-11T03:05:22+00:00 INFO    [run=43a55a1f39364d618ea8e0859826bda7 phase=speed_test event=progress.updated] 测速  1308/4908 (26%)  有效 4  失败 1304  CCTV-8
2026-08-11T03:05:52+00:00 INFO    [run=43a55a1f39364d618ea8e0859826bda7 phase=speed_test event=progress.updated] 测速  1354/4908 (27%)  有效 4  失败 1350  CCTV-8
2026-08-11T03:06:22+00:00 INFO    [run=43a55a1f39364d618ea8e0859826bda7 phase=speed_test event=progress.updated] 测速  1394/4908 (28%)  有效 4  失败 1390  CCTV-9
2026-08-11T03:06:54+00:00 INFO    [run=43a55a1f39364d618ea8e0859826bda7 phase=speed_test event=progress.updated] 测速  1449/4908 (29%)  有效 4  失败 1445  CCTV-9
2026-08-11T03:07:24+00:00 INFO    [run=43a55a1f39364d618ea8e0859826bda7 phase=speed_test event=progress.updated] 测速  1504/4908 (30%)  有效 4  失败 1500  CCTV-10
2026-08-11T03:07:54+00:00 INFO    [run=43a55a1f39364d618ea8e0859826bda7 phase=speed_test event=progress.updated] 测速  1558/4908 (31%)  有效 4  失败 1554  CCTV-10
2026-08-11T03:08:25+00:00 INFO    [run=43a55a1f39364d618ea8e0859826bda7 phase=speed_test event=progress.updated] 测速  1620/4908 (33%)  有效 5  失败 1615  CCTV-11
2026-08-11T03:08:55+00:00 INFO    [run=43a55a1f39364d618ea8e0859826bda7 phase=speed_test event=progress.updated] 测速  1664/4908 (33%)  有效 5  失败 1659  CCTV-11
2026-08-11T03:09:26+00:00 INFO    [run=43a55a1f39364d618ea8e0859826bda7 phase=speed_test event=progress.updated] 测速  1715/4908 (34%)  有效 6  失败 1709  CCTV-12
2026-08-11T03:09:56+00:00 INFO    [run=43a55a1f39364d618ea8e0859826bda7 phase=speed_test event=progress.updated] 测速  1770/4908 (36%)  有效 6  失败 1764  CCTV-13
2026-08-11T03:10:28+00:00 INFO    [run=43a55a1f39364d618ea8e0859826bda7 phase=speed_test event=progress.updated] 测速  1818/4908 (37%)  有效 7  失败 1811  CCTV-13
2026-08-11T03:10:59+00:00 INFO    [run=43a55a1f39364d618ea8e0859826bda7 phase=speed_test event=progress.updated] 测速  1871/4908 (38%)  有效 8  失败 1863  CCTV-14
2026-08-11T03:11:30+00:00 INFO    [run=43a55a1f39364d618ea8e0859826bda7 phase=speed_test event=progress.updated] 测速  1918/4908 (39%)  有效 8  失败 1910  CCTV-15
2026-08-11T03:12:00+00:00 INFO    [run=43a55a1f39364d618ea8e0859826bda7 phase=speed_test event=progress.updated] 测速  1975/4908 (40%)  有效 8  失败 1967  CCTV-15
2026-08-11T03:12:31+00:00 INFO    [run=43a55a1f39364d618ea8e0859826bda7 phase=speed_test event=progress.updated] 测速  2022/4908 (41%)  有效 8  失败 2014  CCTV-16
2026-08-11T03:13:02+00:00 INFO    [run=43a55a1f39364d618ea8e0859826bda7 phase=speed_test event=progress.updated] 测速  2069/4908 (42%)  有效 8  失败 2061  CCTV-16
2026-08-11T03:13:32+00:00 INFO    [run=43a55a1f39364d618ea8e0859826bda7 phase=speed_test event=progress.updated] 测速  2115/4908 (43%)  有效 9  失败 2106  CCTV-17
2026-08-11T03:14:02+00:00 INFO    [run=43a55a1f39364d618ea8e0859826bda7 phase=speed_test event=progress.updated] 测速  2186/4908 (44%)  有效 9  失败 2177  CETV-2
2026-08-11T03:14:32+00:00 INFO    [run=43a55a1f39364d618ea8e0859826bda7 phase=speed_test event=progress.updated] 测速  2256/4908 (45%)  有效 9  失败 2247  第一剧场
2026-08-11T03:15:02+00:00 INFO    [run=43a55a1f39364d618ea8e0859826bda7 phase=speed_test event=progress.updated] 测速  2324/4908 (47%)  有效 9  失败 2315  风云足球
2026-08-11T03:15:38+00:00 INFO    [run=43a55a1f39364d618ea8e0859826bda7 phase=speed_test event=progress.updated] 测速  2398/4908 (48%)  有效 9  失败 2389  广东卫视
2026-08-11T03:16:08+00:00 INFO    [run=43a55a1f39364d618ea8e0859826bda7 phase=speed_test event=progress.updated] 测速  2440/4908 (49%)  有效 9  失败 2431  广东卫视
2026-08-11T03:16:38+00:00 INFO    [run=43a55a1f39364d618ea8e0859826bda7 phase=speed_test event=progress.updated] 测速  2495/4908 (50%)  有效 9  失败 2486  北京卫视
2026-08-11T03:17:09+00:00 INFO    [run=43a55a1f39364d618ea8e0859826bda7 phase=speed_test event=progress.updated] 测速  2547/4908 (51%)  有效 9  失败 2538  湖北卫视
2026-08-11T03:17:39+00:00 INFO    [run=43a55a1f39364d618ea8e0859826bda7 phase=speed_test event=progress.updated] 测速  2594/4908 (52%)  有效 9  失败 2585  黑龙江卫视
2026-08-11T03:18:12+00:00 INFO    [run=43a55a1f39364d618ea8e0859826bda7 phase=speed_test event=progress.updated] 测速  2662/4908 (54%)  有效 9  失败 2653  安徽卫视
2026-08-11T03:18:42+00:00 INFO    [run=43a55a1f39364d618ea8e0859826bda7 phase=speed_test event=progress.updated] 测速  2729/4908 (55%)  有效 9  失败 2720  东方卫视
2026-08-11T03:19:12+00:00 INFO    [run=43a55a1f39364d618ea8e0859826bda7 phase=speed_test event=progress.updated] 测速  2783/4908 (56%)  有效 9  失败 2774  东方卫视
2026-08-11T03:19:44+00:00 INFO    [run=43a55a1f39364d618ea8e0859826bda7 phase=speed_test event=progress.updated] 测速  2845/4908 (57%)  有效 9  失败 2836  东南卫视
2026-08-11T03:20:15+00:00 INFO    [run=43a55a1f39364d618ea8e0859826bda7 phase=speed_test event=progress.updated] 测速  2919/4908 (59%)  有效 9  失败 2910  甘肃卫视
2026-08-11T03:20:45+00:00 INFO    [run=43a55a1f39364d618ea8e0859826bda7 phase=speed_test event=progress.updated] 测速  2986/4908 (60%)  有效 9  失败 2977  贵州卫视
2026-08-11T03:21:16+00:00 INFO    [run=43a55a1f39364d618ea8e0859826bda7 phase=speed_test event=progress.updated] 测速  3046/4908 (62%)  有效 9  失败 3037  海南卫视
2026-08-11T03:21:46+00:00 INFO    [run=43a55a1f39364d618ea8e0859826bda7 phase=speed_test event=progress.updated] 测速  3101/4908 (63%)  有效 9  失败 3092  河南卫视
2026-08-11T03:22:16+00:00 INFO    [run=43a55a1f39364d618ea8e0859826bda7 phase=speed_test event=progress.updated] 测速  3164/4908 (64%)  有效 9  失败 3155  河南卫视
2026-08-11T03:22:46+00:00 INFO    [run=43a55a1f39364d618ea8e0859826bda7 phase=speed_test event=progress.updated] 测速  3222/4908 (65%)  有效 9  失败 3213  吉林卫视
2026-08-11T03:23:20+00:00 INFO    [run=43a55a1f39364d618ea8e0859826bda7 phase=speed_test event=progress.updated] 测速  3284/4908 (66%)  有效 9  失败 3275  江苏卫视
2026-08-11T03:23:52+00:00 INFO    [run=43a55a1f39364d618ea8e0859826bda7 phase=speed_test event=progress.updated] 测速  3348/4908 (68%)  有效 9  失败 3339  江西卫视
2026-08-11T03:24:25+00:00 INFO    [run=43a55a1f39364d618ea8e0859826bda7 phase=speed_test event=progress.updated] 测速  3423/4908 (69%)  有效 9  失败 3414  辽宁卫视
2026-08-11T03:24:55+00:00 INFO    [run=43a55a1f39364d618ea8e0859826bda7 phase=speed_test event=progress.updated] 测速  3495/4908 (71%)  有效 9  失败 3486  青海卫视
2026-08-11T03:25:25+00:00 INFO    [run=43a55a1f39364d618ea8e0859826bda7 phase=speed_test event=progress.updated] 测速  3563/4908 (72%)  有效 9  失败 3554  山东卫视
2026-08-11T03:25:56+00:00 INFO    [run=43a55a1f39364d618ea8e0859826bda7 phase=speed_test event=progress.updated] 测速  3630/4908 (73%)  有效 9  失败 3621  山西卫视
2026-08-11T03:26:27+00:00 INFO    [run=43a55a1f39364d618ea8e0859826bda7 phase=speed_test event=progress.updated] 测速  3690/4908 (75%)  有效 9  失败 3681  四川卫视
2026-08-11T03:27:01+00:00 INFO    [run=43a55a1f39364d618ea8e0859826bda7 phase=speed_test event=progress.updated] 测速  3744/4908 (76%)  有效 9  失败 3735  深圳卫视
2026-08-11T03:27:31+00:00 INFO    [run=43a55a1f39364d618ea8e0859826bda7 phase=speed_test event=progress.updated] 测速  3812/4908 (77%)  有效 9  失败 3803  三沙卫视
2026-08-11T03:28:03+00:00 INFO    [run=43a55a1f39364d618ea8e0859826bda7 phase=speed_test event=progress.updated] 测速  3865/4908 (78%)  有效 9  失败 3856  西藏卫视
2026-08-11T03:28:33+00:00 INFO    [run=43a55a1f39364d618ea8e0859826bda7 phase=speed_test event=progress.updated] 测速  3937/4908 (80%)  有效 9  失败 3928  云南卫视
2026-08-11T03:29:03+00:00 INFO    [run=43a55a1f39364d618ea8e0859826bda7 phase=speed_test event=progress.updated] 测速  3986/4908 (81%)  有效 9  失败 3977  广东新闻
2026-08-11T03:29:33+00:00 INFO    [run=43a55a1f39364d618ea8e0859826bda7 phase=speed_test event=progress.updated] 测速  4022/4908 (81%)  有效 11  失败 4011  广州竞赛
2026-08-11T03:30:04+00:00 INFO    [run=43a55a1f39364d618ea8e0859826bda7 phase=speed_test event=progress.updated] 测速  4065/4908 (82%)  有效 11  失败 4054  浙江民生
2026-08-11T03:30:34+00:00 INFO    [run=43a55a1f39364d618ea8e0859826bda7 phase=speed_test event=progress.updated] 测速  4118/4908 (83%)  有效 12  失败 4106  北京新闻
2026-08-11T03:31:05+00:00 INFO    [run=43a55a1f39364d618ea8e0859826bda7 phase=speed_test event=progress.updated] 测速  4219/4908 (85%)  有效 12  失败 4207  生活时尚
2026-08-11T03:31:35+00:00 INFO    [run=43a55a1f39364d618ea8e0859826bda7 phase=speed_test event=progress.updated] 测速  4270/4908 (87%)  有效 12  失败 4258  溧水新闻综合
2026-08-11T03:32:09+00:00 INFO    [run=43a55a1f39364d618ea8e0859826bda7 phase=speed_test event=progress.updated] 测速  4363/4908 (88%)  有效 12  失败 4351  南宁新闻综合
2026-08-11T03:32:39+00:00 INFO    [run=43a55a1f39364d618ea8e0859826bda7 phase=speed_test event=progress.updated] 测速  4451/4908 (90%)  有效 12  失败 4439  德阳新闻综合
2026-08-11T03:33:09+00:00 INFO    [run=43a55a1f39364d618ea8e0859826bda7 phase=speed_test event=progress.updated] 测速  4515/4908 (91%)  有效 12  失败 4503  山东新闻
2026-08-11T03:33:40+00:00 INFO    [run=43a55a1f39364d618ea8e0859826bda7 phase=speed_test event=progress.updated] 测速  4623/4908 (94%)  有效 12  失败 4611  延边卫视
2026-08-11T03:34:14+00:00 INFO    [run=43a55a1f39364d618ea8e0859826bda7 phase=speed_test event=progress.updated] 测速  4694/4908 (95%)  有效 12  失败 4682  NewTV惊悚悬疑
2026-08-11T03:34:45+00:00 INFO    [run=43a55a1f39364d618ea8e0859826bda7 phase=speed_test event=progress.updated] 测速  4778/4908 (97%)  有效 12  失败 4766  爱体育
2026-08-11T03:35:15+00:00 INFO    [run=43a55a1f39364d618ea8e0859826bda7 phase=speed_test event=progress.updated] 测速  4824/4908 (98%)  有效 12  失败 4812  魅力足球
2026-08-11T03:35:46+00:00 INFO    [run=43a55a1f39364d618ea8e0859826bda7 phase=speed_test event=progress.updated] 测速  4900/4908 (99%)  有效 12  失败 4888  游戏竞技
2026-08-11T03:35:56+00:00 INFO    [run=43a55a1f39364d618ea8e0859826bda7 phase=speed_test event=progress.updated] 测速  4908/4908 (100%)  有效 12  失败 4896  音乐现场
2026-08-11T03:35:56+00:00 INFO    [run=43a55a1f39364d618ea8e0859826bda7 phase=speed_test event=speed_test.artifacts_written] 测速明细已写入 output/log/speed_test.log，有效结果已写入 output/log/result.log
2026-08-11T03:35:56+00:00 INFO    [run=43a55a1f39364d618ea8e0859826bda7 phase=speed_test event=progress.finished] 测速  4908/4908  有效 12  失败 4896
2026-08-11T03:35:57+00:00 INFO    [run=43a55a1f39364d618ea8e0859826bda7 phase=output event=output.written] 结果文件生成完成：更新 3 个文件
2026-08-11T03:35:59+00:00 INFO    [run=43a55a1f39364d618ea8e0859826bda7 phase=statistics event=statistics.finished] 频道统计完成：测试 4908，有效 12
2026-08-11T03:35:59+00:00 INFO    [run=43a55a1f39364d618ea8e0859826bda7 phase=complete event=run.summary] 更新摘要
2026-08-11T03:35:59+00:00 INFO    [run=43a55a1f39364d618ea8e0859826bda7 phase=complete event=run.finished] 更新完成！总耗时：47:00
